Welcome to Ubuntu 22.04.3 LTS (GNU/Linux 5.15.146.1-microsoft-standard-WSL2 x86_64)

 * Documentation:  https://help.ubuntu.com
 * Management:     https://landscape.canonical.com
 * Support:        https://ubuntu.com/advantage

 * Strictly confined Kubernetes makes edge and IoT secure. Learn how MicroK8s
   just raised the bar for easy, resilient and secure K8s cluster deployment.

   https://ubuntu.com/engage/secure-kubernetes-at-the-edge

This message is shown once a day. To disable it please create the
/home/rushikesh/.hushlogin file.
rushikesh@LAPTOP-T9OIL2BT:~$ pwd
/home/rushikesh
rushikesh@LAPTOP-T9OIL2BT:~$ cd /home
rushikesh@LAPTOP-T9OIL2BT:/home$ pwd
/home
rushikesh@LAPTOP-T9OIL2BT:/home$ cd /rushikesh
-bash: cd: /rushikesh: No such file or directory
rushikesh@LAPTOP-T9OIL2BT:/home$ cd
rushikesh@LAPTOP-T9OIL2BT:~$ mkdir LinuxAssignment
rushikesh@LAPTOP-T9OIL2BT:~$ cd linuxAssignment
-bash: cd: linuxAssignment: No such file or directory
rushikesh@LAPTOP-T9OIL2BT:~$ cd LinuxAssignment
rushikesh@LAPTOP-T9OIL2BT:~/LinuxAssignment$ cat > file1.txt
Hello World
rushikesh@LAPTOP-T9OIL2BT:~/LinuxAssignment$ cat file1.txt
Hello World
rushikesh@LAPTOP-T9OIL2BT:~/LinuxAssignment$ mkdir docs
rushikesh@LAPTOP-T9OIL2BT:~/LinuxAssignment$ cp file1.txt docs
rushikesh@LAPTOP-T9OIL2BT:~/LinuxAssignment$ cd docs
rushikesh@LAPTOP-T9OIL2BT:~/LinuxAssignment/docs$ ls
file1.txt
rushikesh@LAPTOP-T9OIL2BT:~/LinuxAssignment/docs$ mv file1.txt f
ile2.txt
rushikesh@LAPTOP-T9OIL2BT:~/LinuxAssignment/docs$ ls
file2.txt
rushikesh@LAPTOP-T9OIL2BT:~/LinuxAssignment/docs$
rushikesh@LAPTOP-T9OIL2BT:~/LinuxAssignment/docs$ chmod 744 file2.txt
rushikesh@LAPTOP-T9OIL2BT:~/LinuxAssignment/docs$ ls -a -l
total 12
drwxr-xr-x 2 rushikesh rushikesh 4096 Mar  7 17:59 .
drwxr-xr-x 3 rushikesh rushikesh 4096 Mar  7 17:55 ..
-rwxr--r-- 1 rushikesh rushikesh   12 Mar  7 17:57 file2.txt
rushikesh@LAPTOP-T9OIL2BT:~/LinuxAssignment/docs$ cd ..
rushikesh@LAPTOP-T9OIL2BT:~/LinuxAssignment$ ls /
bin   etc   lib    libx32      mnt   root  snap  tmp
boot  home  lib32  lost+found  opt   run   srv   usr
dev   init  lib64  media       proc  sbin  sys   var
rushikesh@LAPTOP-T9OIL2BT:~/LinuxAssignment$ find. -name "*.txt"
Command 'find.' not found, did you mean:
  command 'find' from deb findutils (4.8.0-1ubuntu3)
  command 'findv' from deb polylib-utils (5.22.5-4+dfsg)
  command 'findg' from deb ncl-ncarg (6.6.2-10build2)
Try: sudo apt install <deb name>
rushikesh@LAPTOP-T9OIL2BT:~/LinuxAssignment$ sudo apt install <deb name>
-bash: syntax error near unexpected token `newline'
rushikesh@LAPTOP-T9OIL2BT:~/LinuxAssignment$ sudo apt install <d
eb name>
-bash: syntax error near unexpected token `newline'
rushikesh@LAPTOP-T9OIL2BT:~/LinuxAssignment$ find -name "*.text"
>
>
>
> cd
> cd
>
-bash: unexpected EOF while looking for matching `"'
-bash: syntax error: unexpected end of file
rushikesh@LAPTOP-T9OIL2BT:~/LinuxAssignment$ find . -name "*.txt"
./file1.txt
./docs/file2.txt
rushikesh@LAPTOP-T9OIL2BT:~/LinuxAssignment$ grep "Hello" file2.
txt
grep: file2.txt: No such file or directory
rushikesh@LAPTOP-T9OIL2BT:~/LinuxAssignment$ cd docs
rushikesh@LAPTOP-T9OIL2BT:~/LinuxAssignment/docs$ grep "Hello" f
ile2.txt
Hello World
rushikesh@LAPTOP-T9OIL2BT:~/LinuxAssignment/docs$ date
Thu Mar  7 18:53:44 IST 2024
rushikesh@LAPTOP-T9OIL2BT:~/LinuxAssignment/docs$ ifconfig
Command 'ifconfig' not found, but can be installed with:
sudo apt install net-tools
rushikesh@LAPTOP-T9OIL2BT:~/LinuxAssignment/docs$ sudo apt insta
ll net-tools
[sudo] password for rushikesh:
Reading package lists... Done
Building dependency tree... Done
Reading state information... Done
The following NEW packages will be installed:
  net-tools
0 upgraded, 1 newly installed, 0 to remove and 30 not upgraded.
Need to get 204 kB of archives.
After this operation, 819 kB of additional disk space will be used.
Get:1 http://archive.ubuntu.com/ubuntu jammy/main amd64 net-tools amd64 1.60+git20181103.0eebece-1ubuntu5 [204 kB]
Fetched 204 kB in 3s (64.4 kB/s)
Selecting previously unselected package net-tools.
(Reading database ... 24217 files and directories currently installed.)
Preparing to unpack .../net-tools_1.60+git20181103.0eebece-1ubuntu5_amd64.deb ...
Unpacking net-tools (1.60+git20181103.0eebece-1ubuntu5) ...
Setting up net-tools (1.60+git20181103.0eebece-1ubuntu5) ...
Processing triggers for man-db (2.10.2-1) ...
rushikesh@LAPTOP-T9OIL2BT:~/LinuxAssignment/docs$ ping 127.0.0.1
PING 127.0.0.1 (127.0.0.1) 56(84) bytes of data.
64 bytes from 127.0.0.1: icmp_seq=1 ttl=64 time=1.97 ms
64 bytes from 127.0.0.1: icmp_seq=2 ttl=64 time=0.056 ms
64 bytes from 127.0.0.1: icmp_seq=3 ttl=64 time=0.085 ms
64 bytes from 127.0.0.1: icmp_seq=4 ttl=64 time=0.134 ms
64 bytes from 127.0.0.1: icmp_seq=5 ttl=64 time=0.066 ms
64 bytes from 127.0.0.1: icmp_seq=6 ttl=64 time=0.130 ms
64 bytes from 127.0.0.1: icmp_seq=7 ttl=64 time=0.067 ms
64 bytes from 127.0.0.1: icmp_seq=8 ttl=64 time=0.059 ms
64 bytes from 127.0.0.1: icmp_seq=9 ttl=64 time=0.080 ms
64 bytes from 127.0.0.1: icmp_seq=10 ttl=64 time=0.076 ms
64 bytes from 127.0.0.1: icmp_seq=11 ttl=64 time=0.080 ms
64 bytes from 127.0.0.1: icmp_seq=12 ttl=64 time=0.074 ms
64 bytes from 127.0.0.1: icmp_seq=13 ttl=64 time=0.061 ms
^C
--- 127.0.0.1 ping statistics ---
13 packets transmitted, 13 received, 0% packet loss, time 12424ms
rtt min/avg/max/mdev = 0.056/0.225/1.966/0.502 ms
rushikesh@LAPTOP-T9OIL2BT:~/LinuxAssignment/docs$ zip -v
Command 'zip' not found, but can be installed with:
sudo apt install zip
rushikesh@LAPTOP-T9OIL2BT:~/LinuxAssignment/docs$ sudo apt insta
ll zip
Reading package lists... Done
Building dependency tree... Done
Reading state information... Done
The following additional packages will be installed:
  unzip
The following NEW packages will be installed:
  unzip zip
0 upgraded, 2 newly installed, 0 to remove and 30 not upgraded.
Need to get 350 kB of archives.
After this operation, 930 kB of additional disk space will be used.
Do you want to continue? [Y/n] Y
Get:1 http://archive.ubuntu.com/ubuntu jammy-updates/main amd64 unzip amd64 6.0-26ubuntu3.2 [175 kB]
Get:2 http://archive.ubuntu.com/ubuntu jammy/main amd64 zip amd64 3.0-12build2 [176 kB]
Fetched 350 kB in 2s (145 kB/s)
Selecting previously unselected package unzip.
(Reading database ... 24266 files and directories currently installed.)
Preparing to unpack .../unzip_6.0-26ubuntu3.2_amd64.deb ...
Unpacking unzip (6.0-26ubuntu3.2) ...
Selecting previously unselected package zip.
Preparing to unpack .../zip_3.0-12build2_amd64.deb ...
Unpacking zip (3.0-12build2) ...
Setting up unzip (6.0-26ubuntu3.2) ...
Setting up zip (3.0-12build2) ...
Processing triggers for man-db (2.10.2-1) ...
rushikesh@LAPTOP-T9OIL2BT:~/LinuxAssignment/docs$ zip -v
Copyright (c) 1990-2008 Info-ZIP - Type 'zip "-L"' for software license.
This is Zip 3.0 (July 5th 2008), by Info-ZIP.
Currently maintained by E. Gordon.  Please send bug reports to
the authors using the web page at www.info-zip.org; see README for details.

Latest sources and executables are at ftp://ftp.info-zip.org/pub/infozip,
as of above date; see http://www.info-zip.org/ for other sites.

Compiled with gcc 11.2.0 for Unix (Linux ELF).

Zip special compilation options:
        USE_EF_UT_TIME       (store Universal Time)
        BZIP2_SUPPORT        (bzip2 library version 1.0.8, 13-Jul-2019)
            bzip2 code and library copyright (c) Julian R Seward
            (See the bzip2 license for terms of use)
        SYMLINK_SUPPORT      (symbolic links supported)
        LARGE_FILE_SUPPORT   (can read and write large files on file system)
        ZIP64_SUPPORT        (use Zip64 to store large files in archives)
        UNICODE_SUPPORT      (store and read UTF-8 Unicode paths)
        STORE_UNIX_UIDs_GIDs (store UID/GID sizes/values using new extra field)
        UIDGID_NOT_16BIT     (old Unix 16-bit UID/GID extra field not used)
        [encryption, version 2.91 of 05 Jan 2007] (modified for Zip 3)

Encryption notice:
        The encryption code of this program is not copyrighted and is
        put in the public domain.  It was originally written in Europe
        and, to the best of our knowledge, can be freely distributed
        in both source and object forms from any country, including
        the USA under License Exception TSU of the U.S. Export
        Administration Regulations (section 740.13(e)) of 6 June 2002.

Zip environment options:
             ZIP:  [none]
          ZIPOPT:  [none]
rushikesh@LAPTOP-T9OIL2BT:~/LinuxAssignment/docs$ cd ..
rushikesh@LAPTOP-T9OIL2BT:~/LinuxAssignment$ zip -r docs1.zip do
cs
  adding: docs/ (stored 0%)
  adding: docs/file2.txt (stored 0%)
rushikesh@LAPTOP-T9OIL2BT:~/LinuxAssignment$ ls
docs  docs1.zip  file1.txt
rushikesh@LAPTOP-T9OIL2BT:~/LinuxAssignment$ unzip -v
UnZip 6.00 of 20 April 2009, by Debian. Original by Info-ZIP.

Latest sources and executables are at ftp://ftp.info-zip.org/pub/infozip/ ;
see ftp://ftp.info-zip.org/pub/infozip/UnZip.html for other sites.

Compiled with gcc 11.4.0 for Unix (Linux ELF).

UnZip special compilation options:
        ACORN_FTYPE_NFS
        COPYRIGHT_CLEAN (PKZIP 0.9x unreducing method not supported)
        SET_DIR_ATTRIB
        SYMLINKS (symbolic links supported, if RTL and file system permit)
        TIMESTAMP
        UNIXBACKUP
        USE_EF_UT_TIME
        USE_UNSHRINK (PKZIP/Zip 1.x unshrinking method supported)
        USE_DEFLATE64 (PKZIP 4.x Deflate64(tm) supported)
        UNICODE_SUPPORT [wide-chars, char coding: UTF-8] (handle UTF-8 paths)
        LARGE_FILE_SUPPORT (large files over 2 GiB supported)
        ZIP64_SUPPORT (archives using Zip64 for large files supported)
        USE_BZIP2 (PKZIP 4.6+, using bzip2 lib version 1.0.8, 13-Jul-2019)
        VMS_TEXT_CONV
        WILD_STOP_AT_DIR
        [decryption, version 2.11 of 05 Jan 2007]

UnZip and ZipInfo environment options:
           UNZIP:  [none]
        UNZIPOPT:  [none]
         ZIPINFO:  [none]
      ZIPINFOOPT:  [none]
rushikesh@LAPTOP-T9OIL2BT:~/LinuxAssignment$ mkdir Newdr
rushikesh@LAPTOP-T9OIL2BT:~/LinuxAssignment$ ls
Newdr  docs  docs1.zip  file1.txt
rushikesh@LAPTOP-T9OIL2BT:~/LinuxAssignment$ cd Newdr
rushikesh@LAPTOP-T9OIL2BT:~/LinuxAssignment/Newdr$ unzip -v
UnZip 6.00 of 20 April 2009, by Debian. Original by Info-ZIP.

Latest sources and executables are at ftp://ftp.info-zip.org/pub/infozip/ ;
see ftp://ftp.info-zip.org/pub/infozip/UnZip.html for other sites.

Compiled with gcc 11.4.0 for Unix (Linux ELF).

UnZip special compilation options:
        ACORN_FTYPE_NFS
        COPYRIGHT_CLEAN (PKZIP 0.9x unreducing method not supported)
        SET_DIR_ATTRIB
        SYMLINKS (symbolic links supported, if RTL and file system permit)
        TIMESTAMP
        UNIXBACKUP
        UNIXBACKUP
        USE_EF_UT_TIME
        USE_UNSHRINK (PKZIP/Zip 1.x unshrinking method supported)
        USE_DEFLATE64 (PKZIP 4.x Deflate64(tm) supported)
        UNICODE_SUPPORT [wide-chars, char coding: UTF-8] (handle UTF-8 paths)
        LARGE_FILE_SUPPORT (large files over 2 GiB supported)
        ZIP64_SUPPORT (archives using Zip64 for large files supported)
        USE_BZIP2 (PKZIP 4.6+, using bzip2 lib version 1.0.8, 13-Jul-2019)
        VMS_TEXT_CONV
        WILD_STOP_AT_DIR
        [decryption, version 2.11 of 05 Jan 2007]

UnZip and ZipInfo environment options:
           UNZIP:  [none]
        UNZIPOPT:  [none]
         ZIPINFO:  [none]
      ZIPINFOOPT:  [none]
rushikesh@LAPTOP-T9OIL2BT:~/LinuxAssignment/Newdr$ cd ..
rushikesh@LAPTOP-T9OIL2BT:~/LinuxAssignment$ unzip docs1.z
ip -d -Newdr
unzip:  cannot find or open docs1.z, docs1.z.zip or docs1.z.ZIP.
Option "-Newdr" is unknown, try "ip -help".
rushikesh@LAPTOP-T9OIL2BT:~/LinuxAssignment$ unzip docs1.zip -d Newdr
Archive:  docs1.zip
   creating: Newdr/docs/
 extracting: Newdr/docs/file2.txt
rushikesh@LAPTOP-T9OIL2BT:~/LinuxAssignment$ cat file1.txt
Hello World
rushikesh@LAPTOP-T9OIL2BT:~/LinuxAssignment$ vi file1.txt
rushikesh@LAPTOP-T9OIL2BT:~/LinuxAssignment$ sed -i 's/Ghuge/Rahul/g' file1.txt
rushikesh@LAPTOP-T9OIL2BT:~/LinuxAssignment$
